<!DOCTYPE html>

<html>
<head><base href="http://localhost:51989/issues/show">
    <meta name="viewport" content="width=device-width" />
    <title>Issuer | Issue</title>
    
    <script src="/Scripts/jquery-1.4.4.js"></script>
<script src="/Scripts/jquery.validate.js"></script>
<script src="/Scripts/jquery.validate.unobtrusive.js"></script>

    <link href="/Content/bootstrap.css" rel="stylesheet"/>
<link href="/Content/bootstrap-responsive.css" rel="stylesheet"/>
<link href="/Content/style.css" rel="stylesheet"/>

    
</head>
<body>
    <div class="navbar navbar-inverse navbar-fixed-top">
        <div class="navbar-inner">
            <div class="container">
            <a href="/" class="brand">Issuer</a>
                <div class="nav-collapse collapse pull-right">
                    <ul class="nav">
                        <li><a href="">Faq</a></li>
                        <li><a href="">Account</a></li>
                        <li><a href="">Support</a></li>
                        <li><a href="">Blog</a></li>
                        <li><a href="">Sign out</a></li>
                    </ul>
                </div>
            </div>
        </div>
    </div>
    
    <div class="container">
        <div id="app" class="row">
            

<legend>Issue: 1 <small class="pull-right">created at: 11/15/2012 12:08:16 PM</small></legend>
<div class="control-group">
    <label for="Headline">Headline:</label>
    12345
</div>
<div class="control-group">
    <label for="Description">Issue description:</label>
    fdsfadsf
</div>
<div class="control-group pull-right">
    <a class="btn btn-info" href="/issues/complete/issues-1">Complete</a>
</div>
        </div>
        <hr/>
        <footer>
            Â© Sitecore 2012
            
        </footer>
    </div>
    
</body>
</html>
